../Core/Src/main.c:79:1:__io_putchar	16	static
../Core/Src/main.c:86:1:__io_getchar	16	static
../Core/Src/main.c:105:5:main	16	static
../Core/Src/main.c:176:6:SystemClock_Config	96	static
../Core/Src/main.c:221:13:MX_I2C3_Init	8	static
../Core/Src/main.c:269:13:MX_TIM1_Init	112	static
../Core/Src/main.c:361:13:MX_TIM2_Init	64	static
../Core/Src/main.c:424:13:MX_USART1_UART_Init	8	static
../Core/Src/main.c:459:13:MX_USART2_UART_Init	8	static
../Core/Src/main.c:494:13:MX_GPIO_Init	40	static
../Core/Src/main.c:550:6:Error_Handler	4	static,ignoring_inline_asm
